[2026-07-15T10:00:47.686Z] Servidor iniciando...
[2026-07-15T10:00:47.688Z] Diretório de dados: /app/applet/data
[2026-07-15T10:00:47.690Z] AI: Google GenAI (v3 Flash Preview) inicializado.
[2026-07-15T10:00:47.708Z] Server running at http://localhost:8080
[2026-07-15T10:49:47.227Z] Servidor iniciando...
[2026-07-15T10:49:47.228Z] Diretório de dados: /app/applet/data
[2026-07-15T10:49:47.230Z] AI: Google GenAI (v3 Flash Preview) inicializado.
[2026-07-15T10:49:47.247Z] Server running at http://localhost:3000
[2026-07-15T10:50:07.925Z] Servidor iniciando...
[2026-07-15T10:50:07.926Z] Diretório de dados: /app/applet/data
[2026-07-15T10:50:07.928Z] AI: Google GenAI (v3 Flash Preview) inicializado.
[2026-07-15T10:50:07.946Z] Server running at http://localhost:3000
[2026-07-15T10:52:24.137Z] Servidor iniciando...
[2026-07-15T10:52:24.138Z] Diretório de dados: /app/applet/data
[2026-07-15T10:52:24.140Z] AI: Google GenAI (v3 Flash Preview) inicializado.
[2026-07-15T10:52:24.169Z] Server running at http://localhost:3000
[2026-07-15T10:53:24.136Z] [WhatsApp Init] Inicializando cliente para usuário: lucas
[2026-07-15T10:53:24.141Z] [WhatsApp Init] ERRO FATAL (lucas)
ERROR: Browser was not found at the configured executablePath (/usr/bin/chromium-browser)
STACK: Error: Browser was not found at the configured executablePath (/usr/bin/chromium-browser)
    at ChromeLauncher.launch (/app/applet/node_modules/puppeteer/node_modules/puppeteer-core/lib/cjs/puppeteer/node/BrowserLauncher.js:90:19)
    at process.processTicksAndRejections (node:internal/process/task_queues:103:5)
    at async Client.initialize (/app/applet/node_modules/whatsapp-web.js/src/Client.js:462:23)
[2026-07-15T10:56:12.839Z] Servidor iniciando...
[2026-07-15T10:56:12.841Z] Diretório de dados: /app/applet/data
[2026-07-15T10:56:12.843Z] AI: Google GenAI (v3 Flash Preview) inicializado.
[2026-07-15T10:56:12.860Z] Server running at http://localhost:3000
[2026-07-15T10:56:14.333Z] [WhatsApp Init] Inicializando cliente para usuário: lucas
[2026-07-15T10:56:14.341Z] [WhatsApp Init] ERRO FATAL (lucas)
ERROR: Browser was not found at the configured executablePath (/usr/bin/chromium-browser)
STACK: Error: Browser was not found at the configured executablePath (/usr/bin/chromium-browser)
    at ChromeLauncher.launch (/app/applet/node_modules/puppeteer/node_modules/puppeteer-core/lib/cjs/puppeteer/node/BrowserLauncher.js:90:19)
    at process.processTicksAndRejections (node:internal/process/task_queues:103:5)
    at async Client.initialize (/app/applet/node_modules/whatsapp-web.js/src/Client.js:462:23)
[2026-07-15T17:26:32.656Z] Servidor iniciando...
[2026-07-15T17:26:32.661Z] Diretório de dados: /app/applet/data
[2026-07-15T17:26:32.663Z] AI: Google GenAI (v3 Flash Preview) inicializado.
[2026-07-15T17:26:32.678Z] Server running at http://localhost:3000
[2026-07-15T17:38:15.138Z] Servidor iniciando...
[2026-07-15T17:38:15.139Z] Diretório de dados: /app/applet/data
[2026-07-15T17:38:15.141Z] AI: Google GenAI (v3 Flash Preview) inicializado.
[2026-07-15T17:38:15.155Z] Server running at http://localhost:3000
[2026-07-15T17:38:27.644Z] Servidor iniciando...
[2026-07-15T17:38:27.645Z] Diretório de dados: /app/applet/data
[2026-07-15T17:38:27.647Z] AI: Google GenAI (v3 Flash Preview) inicializado.
[2026-07-15T17:38:27.662Z] Server running at http://localhost:3000
[2026-07-15T17:38:31.700Z] [WhatsApp Init] Inicializando cliente para usuário: lucas
[2026-07-15T17:38:31.708Z] [WhatsApp Init] ERRO FATAL (lucas)
ERROR: Browser was not found at the configured executablePath (/usr/bin/chromium-browser)
STACK: Error: Browser was not found at the configured executablePath (/usr/bin/chromium-browser)
    at ChromeLauncher.launch (/app/applet/node_modules/puppeteer/node_modules/puppeteer-core/lib/cjs/puppeteer/node/BrowserLauncher.js:90:19)
    at process.processTicksAndRejections (node:internal/process/task_queues:103:5)
    at async Client.initialize (/app/applet/node_modules/whatsapp-web.js/src/Client.js:502:23)
[2026-07-15T17:40:15.519Z] Servidor iniciando...
[2026-07-15T17:40:15.521Z] Diretório de dados: /app/applet/data
[2026-07-15T17:40:15.523Z] AI: Google GenAI (v3 Flash Preview) inicializado.
[2026-07-15T17:40:15.538Z] Server running at http://localhost:3000
[2026-07-15T17:40:23.736Z] Servidor iniciando...
[2026-07-15T17:40:23.737Z] Diretório de dados: /app/applet/data
[2026-07-15T17:40:23.738Z] AI: Google GenAI (v3 Flash Preview) inicializado.
[2026-07-15T17:40:23.753Z] Server running at http://localhost:3000
[2026-07-15T17:40:43.474Z] Servidor iniciando...
[2026-07-15T17:40:43.476Z] Diretório de dados: /app/applet/data
[2026-07-15T17:40:43.477Z] AI: Google GenAI (v3 Flash Preview) inicializado.
[2026-07-15T17:40:43.493Z] Server running at http://localhost:3000
[2026-07-15T18:02:15.394Z] Servidor iniciando...
[2026-07-15T18:02:15.396Z] Diretório de dados: /app/applet/data
[2026-07-15T18:02:15.397Z] AI: Google GenAI (v3 Flash Preview) inicializado.
[2026-07-15T18:02:15.411Z] Server running at http://localhost:3000
[2026-07-15T18:02:25.232Z] [WhatsApp Init] Inicializando cliente para usuário: lucas
[2026-07-15T18:02:29.026Z] [WhatsApp Event] QR Code gerado para lucas
[2026-07-15T18:03:17.182Z] Servidor iniciando...
[2026-07-15T18:03:17.183Z] Diretório de dados: /app/applet/data
[2026-07-15T18:03:17.185Z] AI: Google GenAI (v3 Flash Preview) inicializado.
[2026-07-15T18:03:17.200Z] Server running at http://localhost:3000
[2026-07-15T18:03:18.915Z] [WhatsApp Init] Inicializando cliente para usuário: lucas
[2026-07-15T18:03:18.915Z] [Puppeteer Fix] Trava removida: /app/applet/data/whatsapp_auth_lucas/session-lucas/SingletonSocket
[2026-07-16T08:48:41.952Z] Servidor iniciando...
[2026-07-16T08:48:41.953Z] Diretório de dados: /app/applet/data
[2026-07-16T08:48:41.955Z] AI: Google GenAI (v3 Flash Preview) inicializado.
[2026-07-16T08:48:41.971Z] Server running at http://localhost:3000
[2026-07-16T08:49:20.096Z] [WhatsApp Init] Inicializando cliente para usuário: lucas
[2026-07-16T08:49:24.372Z] [WhatsApp Reset] Solicitado reset forçado para: lucas
[2026-07-16T08:49:24.373Z] [WhatsApp Reset] Cliente destruído.
[2026-07-16T08:49:24.389Z] [WhatsApp Reset] Pasta de autenticação removida: /app/applet/data/whatsapp_auth_lucas
[2026-07-16T08:49:24.390Z] [WhatsApp Init] Inicializando cliente para usuário: lucas
